Player O moved to (row,col) = (0,0) victory=0, numCaptures=0
Player ¥ moved to (row,col) = (-2,-2) victory=0, numCaptures=0
Player O moved to (row,col) = (0,4) victory=0, numCaptures=0
Player ¥ moved to (row,col) = (-2,0) victory=0, numCaptures=0
Player O moved to (row,col) = (-2,-3) victory=0, numCaptures=0
Player ¥ moved to (row,col) = (-2,2) victory=0, numCaptures=0
Player O moved to (row,col) = (-2,-1) victory=0, numCaptures=0
Player ¥ moved to (row,col) = (0,2) victory=0, numCaptures=0
Player O moved to (row,col) = (1,2) victory=0, numCaptures=0
Player ¥ moved to (row,col) = (-4,0) victory=0, numCaptures=0
Player O moved to (row,col) = (-4,-2) victory=0, numCaptures=0
Player ¥ moved to (row,col) = (-3,0) victory=0, numCaptures=0
Player O moved to (row,col) = (-5,0) victory=0, numCaptures=0
Player ¥ moved to (row,col) = (-1,0) victory=0, numCaptures=0
Player O moved to (row,col) = (-3,-1) victory=0, numCaptures=0
Player ¥ moved to (row,col) = (-5,-3) victory=0, numCaptures=1
removing stone1 (-4,-2)
removing stone2 (-3,-1)
Player O moved to (row,col) = (-3,2) victory=0, numCaptures=0
Player ¥ moved to (row,col) = (-3,-1) victory=0, numCaptures=0
Player O moved to (row,col) = (-4,-2) victory=0, numCaptures=0
Player ¥ moved to (row,col) = (-5,1) victory=0, numCaptures=0
Player O moved to (row,col) = (-1,1) victory=0, numCaptures=1
removing stone1 (-2,0)
removing stone2 (-3,-1)
Player ¥ moved to (row,col) = (-3,-1) victory=0, numCaptures=0
Player O moved to (row,col) = (-2,0) victory=0, numCaptures=1
removing stone1 (-3,0)
removing stone2 (-4,0)
Player ¥ moved to (row,col) = (-4,0) victory=0, numCaptures=0
Player O moved to (row,col) = (-6,2) victory=0, numCaptures=0
Player ¥ moved to (row,col) = (-1,-3) victory=1, numCaptures=0
SECOND PLAYER HAS FIVE IN A ROW OR FIVE CAPTURES
Final positions:
    -5 -4 -3 -2 -1  0 -9 -8 -7 -6 -5 -4 -3 -2 -1  0  1  2  3  4  5  6  7  8  9 10 11 12 13 14 15 
-15                                                                                              
-14                                                                                              
-13                                                                                              
-12                                                                                              
-11                                                                                              
-10                                                                                              
-9                                                                                              
-8                                                                                              
-7                                                                                              
-6                                                                                              
-5                                       ¥        O  x  1                                       
-4                                          x     ¥                                             
-3                                             2  ¥     3                                       
-2                                       O  ¥  O  ¥     ¥                                       
-1                                       x        ¥  x                                          
 0                                                O     ¥     O                                 
 1                                                      O                                       
 2                                                                                              
 3                                                                                              
 4                                                                                              
 5                                                                                              
 6                                                                                              
 7                                                                                              
 8                                                                                              
 9                                                                                              
10                                                                                              
11                                                                                              
12                                                                                              
13                                                                                              
14                                                                                              
15                                                                                              

Player 1(O) took 0 : 155101 microseconds, points = 2, score=1.844899.
Player 2(¥) took 0 : 47853 microseconds, points = 7, score=6.952147.
