Player O moved to (row,col) = (0,0) victory=0, numCaptures=0
Player ¥ moved to (row,col) = (-2,-2) victory=0, numCaptures=0
Player O moved to (row,col) = (0,4) victory=0, numCaptures=0
Player ¥ moved to (row,col) = (-2,0) victory=0, numCaptures=0
Player O moved to (row,col) = (-2,-3) victory=0, numCaptures=0
Player ¥ moved to (row,col) = (-2,2) victory=0, numCaptures=0
Player O moved to (row,col) = (-2,-1) victory=0, numCaptures=0
Player ¥ moved to (row,col) = (0,2) victory=0, numCaptures=0
Player O moved to (row,col) = (1,2) victory=0, numCaptures=0
Player ¥ moved to (row,col) = (-4,0) victory=0, numCaptures=0

Player O moved to (row,col) = (-3,0) victory=0, numCaptures=0
Player ¥ moved to (row,col) = (-3,-1) victory=0, numCaptures=0
Player O moved to (row,col) = (-1,1) victory=0, numCaptures=0
Player ¥ moved to (row,col) = (-1,-3) victory=0, numCaptures=0
Player O moved to (row,col) = (-4,-2) victory=0, numCaptures=1
removing stone1 (-3,-1)
removing stone2 (-2,0)
Player ¥ moved to (row,col) = (-3,-1) victory=0, numCaptures=0
Player O moved to (row,col) = (-5,1) victory=0, numCaptures=0
Player ¥ moved to (row,col) = (0,-4) victory=1, numCaptures=0
SECOND PLAYER HAS FIVE IN A ROW OR FIVE CAPTURES
Final positions:
    -5 -4 -3 -2 -1  0 -9 -8 -7 -6 -5 -4 -3 -2 -1  0  1  2  3  4  5  6  7  8  9 10 11 12 13 14 15 
-15                                                                                              
-14                                                                                              
-13                                                                                              
-12                                                                                              
-11                                                                                              
-10                                                                                              
-9                                                                                              
-8                                                                                              
-7                                                                                              
-6                                                                                              
-5                                                                                             
-4                                                ¥  1                                          
-3                                             2  3                                             
-2                                       O  ¥  O  ¥     ¥                                       
-1                                                                                              
 0                                                O     ¥     O                                 
 1                                                      O                                       
 2                                                                                              
 3                                                                                              
 4                                                                                              
 5                                                                                              
 6                                                                                              
 7                                                                                              
 8                                                                                              
 9                                                                                              
10                                                                                              
11                                                                                              
12                                                                                              
13                                                                                              
14                                                                                              
15                                                                                              

Player 1(O) took 0 : 78744 microseconds, points = 1, score=0.921256.
Player 2(¥) took 0 : 32302 microseconds, points = 6, score=5.967698.
