Player O moved to (row,col) = (0,0) victory=0, numCaptures=0
Player ¥ moved to (row,col) = (-2,-2) victory=0, numCaptures=0
Player O moved to (row,col) = (0,4) victory=0, numCaptures=0
Player ¥ moved to (row,col) = (-2,0) victory=0, numCaptures=0
Player O moved to (row,col) = (-2,-3) victory=0, numCaptures=0
Player ¥ moved to (row,col) = (-2,2) victory=0, numCaptures=0
Player O moved to (row,col) = (-2,-1) victory=0, numCaptures=0
Player ¥ moved to (row,col) = (0,2) victory=0, numCaptures=0
Player O moved to (row,col) = (1,2) victory=0, numCaptures=0
Player ¥ moved to (row,col) = (-4,0) victory=0, numCaptures=0
Player O moved to (row,col) = (-4,-2) victory=0, numCaptures=0
Player ¥ moved to (row,col) = (-3,0) victory=0, numCaptures=0

    -3 -2 -1  0  1  2  3  4  5  6  7  8  9 10 11 12 13 14 15 
-8                    
-7                       
-6            3     
-5         1                       
-4      0     ¥                                                                     
-3         x  ¥  2                                                                
-2   0  ¥  0  ¥     ¥                                                          
-1                                                                               
 0            0     ¥     0                                                   
 1                  0   

d=3 c=1 s=1 a=-32600 b=349 xy=0,-6
d=2 c=2 s=1 a=-349 b=-271 xy=1,-3
d=1 c=1 s=-30 a=271 b=349 xy=-1,-5
d=0 c=2 s=40 a=-349 b=-271 xy=-1,-3 ***
      ==-10
                                                                   
379

Player O moved to (row,col) = (-6,0) victory=0, numCaptures=0
Player ¥ moved to (row,col) = (-1,0) victory=0, numCaptures=0
Player O moved to (row,col) = (-5,0) victory=0, numCaptures=0
Player ¥ moved to (row,col) = (-7,0) victory=0, numCaptures=1
removing stone1 (-6,0)
removing stone2 (-5,0)
Player O moved to (row,col) = (-5,0) victory=0, numCaptures=0
Player ¥ moved to (row,col) = (-3,1) victory=0, numCaptures=0
Player O moved to (row,col) = (-5,-1) victory=0, numCaptures=0
Player ¥ moved to (row,col) = (-1,3) victory=0, numCaptures=0
Player O moved to (row,col) = (-6,0) victory=0, numCaptures=0
Player ¥ moved to (row,col) = (-3,-3) victory=0, numCaptures=0
Player O moved to (row,col) = (-7,1) victory=0, numCaptures=0
Player ¥ moved to (row,col) = (-8,2) victory=0, numCaptures=0
Player O moved to (row,col) = (-5,1) victory=0, numCaptures=0
Player ¥ moved to (row,col) = (-5,2) victory=0, numCaptures=0
Player O moved to (row,col) = (-5,-2) victory=0, numCaptures=0
Player ¥ moved to (row,col) = (-5,-3) victory=0, numCaptures=0
Player O moved to (row,col) = (-6,1) victory=0, numCaptures=0
Player ¥ moved to (row,col) = (-8,1) victory=0, numCaptures=0
Player O moved to (row,col) = (-3,-1) victory=0, numCaptures=0
Player ¥ moved to (row,col) = (-1,-1) victory=0, numCaptures=0
Player O moved to (row,col) = (-4,-1) victory=0, numCaptures=0
Player ¥ moved to (row,col) = (-4,-3) victory=0, numCaptures=1
removing stone1 (-4,-2)
removing stone2 (-4,-1)
Player O moved to (row,col) = (-6,-1) victory=0, numCaptures=0
Player ¥ moved to (row,col) = (-4,-1) victory=0, numCaptures=1
removing stone1 (-3,-1)
removing stone2 (-2,-1)
Player O moved to (row,col) = (-6,2) victory=0, numCaptures=0
Player ¥ moved to (row,col) = (-7,3) victory=0, numCaptures=1
removing stone1 (-6,2)
removing stone2 (-5,1)
Player O moved to (row,col) = (-6,2) victory=0, numCaptures=0
Player ¥ moved to (row,col) = (-5,1) victory=1, numCaptures=1
removing stone1 (-6,1)
removing stone2 (-7,1)
SECOND PLAYER HAS FIVE IN A ROW OR FIVE CAPTURES
Final positions:
    -5 -4 -3 -2 -1  0 -9 -8 -7 -6 -5 -4 -3 -2 -1  0  1  2  3  4  5  6  7  8  9 10 11 12 13 14 15 
-15                                                                                              
-14                                                                                              
-13                                                                                              
-12                                                                                              
-11                                                                                              
-10                                                                                              
-9                                                                                              
-8                                                   ¥  ¥                                       
-7                                                ¥        ¥                                    
-6                                             O  O     O                                       
-5                                       ¥  O  O  O  ¥  ¥                                       
-4                                       ¥     ¥  ¥                                             
-3                                       ¥        ¥  ¥                                          
-2                                       O  ¥     ¥     ¥                                       
-1                                             ¥  ¥        ¥                                    
 0                                                O     ¥     O                                 
 1                                                      O                                       
 2                                                                                              
 3                                                                                              
 4                                                                                              
 5                                                                                              
 6                                                                                              
 7                                                                                              
 8                                                                                              
 9                                                                                              
10                                                                                              
11                                                                                              
12                                                                                              
13                                                                                              
14                                                                                              
15                                                                                              

Player 1(O) took 0 : 524632 microseconds, points = 0, score=-0.524632.
Player 2(¥) took 0 : 90316 microseconds, points = 7, score=6.909684.
