Player ¥ moved to (row,col) = (0,0) victory=0, numCaptures=0
Player O moved to (row,col) = (-2,-2) victory=0, numCaptures=0
Player ¥ moved to (row,col) = (-3,-1) victory=0, numCaptures=0
Player O moved to (row,col) = (-2,0) victory=0, numCaptures=0
Player ¥ moved to (row,col) = (-2,-1) victory=0, numCaptures=0
Player O moved to (row,col) = (-4,-1) victory=0, numCaptures=0
Player ¥ moved to (row,col) = (-1,-1) victory=0, numCaptures=0
Player O moved to (row,col) = (1,1) victory=0, numCaptures=1
removing stone1 (0,0)
removing stone2 (-1,-1)
removing stone1 (0,0)
removing stone2 (-1,-1)
Player ¥ moved to (row,col) = (-1,-1) victory=0, numCaptures=0
Player O moved to (row,col) = (0,-1) victory=0, numCaptures=0
Player ¥ moved to (row,col) = (1,-3) victory=0, numCaptures=0
Player O moved to (row,col) = (-4,-3) victory=0, numCaptures=0
Player ¥ moved to (row,col) = (0,-2) victory=0, numCaptures=0
Player O moved to (row,col) = (2,-4) victory=0, numCaptures=0
Player ¥ moved to (row,col) = (-4,-4) victory=0, numCaptures=0
Player O moved to (row,col) = (-4,-2) victory=0, numCaptures=0
Player ¥ moved to (row,col) = (-2,-4) victory=0, numCaptures=0
Player O moved to (row,col) = (-4,0) victory=0, numCaptures=0
Player ¥ moved to (row,col) = (-4,1) victory=0, numCaptures=0
Player O moved to (row,col) = (-3,0) victory=0, numCaptures=0
Player ¥ moved to (row,col) = (-5,0) victory=0, numCaptures=0
Player O moved to (row,col) = (-5,-2) victory=0, numCaptures=0
Player ¥ moved to (row,col) = (-6,-2) victory=0, numCaptures=0
Player O moved to (row,col) = (-1,0) victory=0, numCaptures=0
Player ¥ moved to (row,col) = (0,0) victory=0, numCaptures=0
Player O moved to (row,col) = (-6,-3) victory=0, numCaptures=0
Player ¥ moved to (row,col) = (-2,1) victory=0, numCaptures=0
Player O moved to (row,col) = (-7,-4) victory=1, numCaptures=0
SECOND PLAYER HAS FIVE IN A ROW OR FIVE CAPTURES
Final positions:
    -9 -8 -7 -6 -5 -4 -3 -2 -1  0  1  2  3  4  5  6  7  8  9 
-9                                                          
-8                                                          
-7                  O                                       
-6                     O  ¥                                 
-5                        O     ¥                           
-4                  ¥  O  O  O  O  ¥                        
-3                           ¥  O                           
-2                  ¥     O  ¥  O  ¥                        
-1                           ¥  O                           
 0                        ¥  O  ¥                           
 1                     ¥           O                        
 2                  O                                       
 3                                                          
 4                                                          
 5                                                          
 6                                                          
 7                                                          
 8                                                          
 9                                                          

Player 1(O) took 0 : 97474 microseconds, points = 9, score=8.902526.
Player 2(¥) took 0 : 31982077 microseconds, points = 0, score=-31.982077.
